Simulator report for lab2
Tue Nov 29 11:00:47 2016
Quartus II 32-bit Version 13.0.1 Build 232 06/12/2013 Service Pack 1 SJ Web Edition


---------------------
; Table of Contents ;
---------------------
  1. Legal Notice
  2. Simulator Summary
  3. Simulator Settings
  4. Simulation Waveforms
  5. Coverage Summary
  6. Complete 1/0-Value Coverage
  7. Missing 1-Value Coverage
  8. Missing 0-Value Coverage
  9. Simulator INI Usage
 10. Simulator Messages



----------------
; Legal Notice ;
----------------
Copyright (C) 1991-2013 Altera Corporation
Your use of Altera Corporation's design tools, logic functions 
and other software and tools, and its AMPP partner logic 
functions, and any output files from any of the foregoing 
(including device programming or simulation files), and any 
associated documentation or information are expressly subject 
to the terms and conditions of the Altera Program License 
Subscription Agreement, Altera MegaCore Function License 
Agreement, or other applicable license agreement, including, 
without limitation, that your use is for the sole purpose of 
programming logic devices manufactured by Altera and sold by 
Altera or its authorized distributors.  Please refer to the 
applicable agreement for further details.



+--------------------------------------------+
; Simulator Summary                          ;
+-----------------------------+--------------+
; Type                        ; Value        ;
+-----------------------------+--------------+
; Simulation Start Time       ; 0 ps         ;
; Simulation End Time         ; 1.0 us       ;
; Simulation Netlist Size     ; 11 nodes     ;
; Simulation Coverage         ;     100.00 % ;
; Total Number of Transitions ; 20590        ;
; Simulation Breakpoints      ; 0            ;
; Family                      ; Cyclone II   ;
; Device                      ; EP2C35F672C6 ;
+-----------------------------+--------------+


+-------------------------------------------------------------------------------------------------------------------------------------------------------------------------------+
; Simulator Settings                                                                                                                                                            ;
+--------------------------------------------------------------------------------------------+------------------------------------------------------------------+---------------+
; Option                                                                                     ; Setting                                                          ; Default Value ;
+--------------------------------------------------------------------------------------------+------------------------------------------------------------------+---------------+
; Simulation mode                                                                            ; Timing                                                           ; Timing        ;
; Start time                                                                                 ; 0 ns                                                             ; 0 ns          ;
; Simulation results format                                                                  ; VWF                                                              ;               ;
; Vector input source                                                                        ; /home/gonczor/altera/13.0sp1/quartus/projects/lab2/Waveform2.vwf ;               ;
; Add pins automatically to simulation output waveforms                                      ; On                                                               ; On            ;
; Check outputs                                                                              ; Off                                                              ; Off           ;
; Report simulation coverage                                                                 ; On                                                               ; On            ;
; Display complete 1/0 value coverage report                                                 ; On                                                               ; On            ;
; Display missing 1-value coverage report                                                    ; On                                                               ; On            ;
; Display missing 0-value coverage report                                                    ; On                                                               ; On            ;
; Detect setup and hold time violations                                                      ; Off                                                              ; Off           ;
; Detect glitches                                                                            ; Off                                                              ; Off           ;
; Disable timing delays in Timing Simulation                                                 ; Off                                                              ; Off           ;
; Generate Signal Activity File                                                              ; Off                                                              ; Off           ;
; Generate VCD File for PowerPlay Power Analyzer                                             ; Off                                                              ; Off           ;
; Group bus channels in simulation results                                                   ; Off                                                              ; Off           ;
; Preserve fewer signal transitions to reduce memory requirements                            ; On                                                               ; On            ;
; Trigger vector comparison with the specified mode                                          ; INPUT_EDGE                                                       ; INPUT_EDGE    ;
; Disable setup and hold time violations detection in input registers of bi-directional pins ; Off                                                              ; Off           ;
; Overwrite Waveform Inputs With Simulation Outputs                                          ; Off                                                              ;               ;
; Perform Glitch Filtering in Timing Simulation                                              ; Auto                                                             ; Auto          ;
+--------------------------------------------------------------------------------------------+------------------------------------------------------------------+---------------+


+----------------------+
; Simulation Waveforms ;
+----------------------+
Waveform report data cannot be output to ASCII.
Please use Quartus II 32-bit to view the waveform report data.


+--------------------------------------------------------------------+
; Coverage Summary                                                   ;
+-----------------------------------------------------+--------------+
; Type                                                ; Value        ;
+-----------------------------------------------------+--------------+
; Total coverage as a percentage                      ;     100.00 % ;
; Total nodes checked                                 ; 11           ;
; Total output ports checked                          ; 11           ;
; Total output ports with complete 1/0-value coverage ; 11           ;
; Total output ports with no 1/0-value coverage       ; 0            ;
; Total output ports with no 1-value coverage         ; 0            ;
; Total output ports with no 0-value coverage         ; 0            ;
+-----------------------------------------------------+--------------+


The following table displays output ports that toggle between 1 and 0 during simulation.
+----------------------------------------------------------+
; Complete 1/0-Value Coverage                              ;
+-------------------+-------------------+------------------+
; Node Name         ; Output Port Name  ; Output Port Type ;
+-------------------+-------------------+------------------+
; |lab2|inst2       ; |lab2|inst2       ; regout           ;
; |lab2|inst1       ; |lab2|inst1       ; regout           ;
; |lab2|inst        ; |lab2|inst        ; regout           ;
; |lab2|inst2~0     ; |lab2|inst2~0     ; combout          ;
; |lab2|inst1~0     ; |lab2|inst1~0     ; combout          ;
; |lab2|inst~0      ; |lab2|inst~0      ; combout          ;
; |lab2|LEDR[2]     ; |lab2|LEDR[2]     ; padio            ;
; |lab2|LEDR[1]     ; |lab2|LEDR[1]     ; padio            ;
; |lab2|LEDR[0]     ; |lab2|LEDR[0]     ; padio            ;
; |lab2|CLK         ; |lab2|CLK~corein  ; combout          ;
; |lab2|CLK~clkctrl ; |lab2|CLK~clkctrl ; outclk           ;
+-------------------+-------------------+------------------+


The following table displays output ports that do not toggle to 1 during simulation.
+-------------------------------------------------+
; Missing 1-Value Coverage                        ;
+-----------+------------------+------------------+
; Node Name ; Output Port Name ; Output Port Type ;
+-----------+------------------+------------------+


The following table displays output ports that do not toggle to 0 during simulation.
+-------------------------------------------------+
; Missing 0-Value Coverage                        ;
+-----------+------------------+------------------+
; Node Name ; Output Port Name ; Output Port Type ;
+-----------+------------------+------------------+


+---------------------+
; Simulator INI Usage ;
+--------+------------+
; Option ; Usage      ;
+--------+------------+


+--------------------+
; Simulator Messages ;
+--------------------+
Info: *******************************************************************
Info: Running Quartus II 32-bit Simulator
    Info: Version 13.0.1 Build 232 06/12/2013 Service Pack 1 SJ Web Edition
    Info: Processing started: Tue Nov 29 11:00:47 2016
Info: Command: quartus_sim --simulation_results_format=VWF lab2 -c lab2
Info (324025): Using vector source file "/home/gonczor/altera/13.0sp1/quartus/projects/lab2/Waveform2.vwf"
Info (310003): Option to preserve fewer signal transitions to reduce memory requirements is enabled
    Info (310004): Simulation has been partitioned into sub-simulations according to the maximum transition count determined by the engine. Transitions from memory will be flushed out to disk at the end of each sub-simulation to reduce memory requirements.
Warning (324009): Found clock high time violation at 3.67 ns on register "|lab2|inst2"
Warning (324009): Found clock high time violation at 3.67 ns on register "|lab2|inst1"
Warning (324009): Found clock high time violation at 3.67 ns on register "|lab2|inst"
Warning (324009): Found clock high time violation at 4.67 ns on register "|lab2|inst2"
Warning (324009): Found clock high time violation at 4.67 ns on register "|lab2|inst1"
Warning (324009): Found clock high time violation at 4.67 ns on register "|lab2|inst"
Warning (324009): Found clock high time violation at 5.67 ns on register "|lab2|inst2"
Warning (324009): Found clock high time violation at 5.67 ns on register "|lab2|inst1"
Warning (324009): Found clock high time violation at 5.67 ns on register "|lab2|inst"
Warning (324009): Found clock high time violation at 6.67 ns on register "|lab2|inst2"
Warning (324009): Found clock high time violation at 6.67 ns on register "|lab2|inst1"
Warning (324009): Found clock high time violation at 6.67 ns on register "|lab2|inst"
Warning (324009): Found clock high time violation at 7.67 ns on register "|lab2|inst2"
Warning (324009): Found clock high time violation at 7.67 ns on register "|lab2|inst1"
Warning (324009): Found clock high time violation at 7.67 ns on register "|lab2|inst"
Warning (324009): Found clock high time violation at 8.67 ns on register "|lab2|inst2"
Warning (324009): Found clock high time violation at 8.67 ns on register "|lab2|inst1"
Warning (324009): Found clock high time violation at 8.67 ns on register "|lab2|inst"
Warning (324009): Found clock high time violation at 9.67 ns on register "|lab2|inst2"
Warning (324009): Found clock high time violation at 9.67 ns on register "|lab2|inst1"
Warning (324009): Found clock high time violation at 9.67 ns on register "|lab2|inst"
Warning (324009): Found clock high time violation at 10.67 ns on register "|lab2|inst2"
Warning (324009): Found clock high time violation at 10.67 ns on register "|lab2|inst1"
Warning (324009): Found clock high time violation at 10.67 ns on register "|lab2|inst"
Warning (324009): Found clock high time violation at 11.67 ns on register "|lab2|inst2"
Warning (324009): Found clock high time violation at 11.67 ns on register "|lab2|inst1"
Warning (324009): Found clock high time violation at 11.67 ns on register "|lab2|inst"
Warning (324009): Found clock high time violation at 12.67 ns on register "|lab2|inst2"
Warning (324009): Found clock high time violation at 12.67 ns on register "|lab2|inst1"
Warning (324009): Found clock high time violation at 12.67 ns on register "|lab2|inst"
Warning (324009): Found clock high time violation at 13.67 ns on register "|lab2|inst2"
Warning (324009): Found clock high time violation at 13.67 ns on register "|lab2|inst1"
Warning (324009): Found clock high time violation at 13.67 ns on register "|lab2|inst"
Warning (324009): Found clock high time violation at 14.67 ns on register "|lab2|inst2"
Warning (324009): Found clock high time violation at 14.67 ns on register "|lab2|inst1"
Warning (324009): Found clock high time violation at 14.67 ns on register "|lab2|inst"
Warning (324009): Found clock high time violation at 15.67 ns on register "|lab2|inst2"
Warning (324009): Found clock high time violation at 15.67 ns on register "|lab2|inst1"
Warning (324009): Found clock high time violation at 15.67 ns on register "|lab2|inst"
Warning (324009): Found clock high time violation at 16.67 ns on register "|lab2|inst2"
Warning (324009): Found clock high time violation at 16.67 ns on register "|lab2|inst1"
Warning (324009): Found clock high time violation at 16.67 ns on register "|lab2|inst"
Warning (324009): Found clock high time violation at 17.67 ns on register "|lab2|inst2"
Warning (324009): Found clock high time violation at 17.67 ns on register "|lab2|inst1"
Warning (324009): Found clock high time violation at 17.67 ns on register "|lab2|inst"
Warning (324009): Found clock high time violation at 18.67 ns on register "|lab2|inst2"
Warning (324009): Found clock high time violation at 18.67 ns on register "|lab2|inst1"
Warning (324009): Found clock high time violation at 18.67 ns on register "|lab2|inst"
Warning (324009): Found clock high time violation at 19.67 ns on register "|lab2|inst2"
Warning (324009): Found clock high time violation at 19.67 ns on register "|lab2|inst1"
Warning (324009): Found clock high time violation at 19.67 ns on register "|lab2|inst"
Warning (324009): Found clock high time violation at 20.67 ns on register "|lab2|inst2"
Warning (324009): Found clock high time violation at 20.67 ns on register "|lab2|inst1"
Warning (324009): Found clock high time violation at 20.67 ns on register "|lab2|inst"
Warning (324009): Found clock high time violation at 21.67 ns on register "|lab2|inst2"
Warning (324009): Found clock high time violation at 21.67 ns on register "|lab2|inst1"
Warning (324009): Found clock high time violation at 21.67 ns on register "|lab2|inst"
Warning (324009): Found clock high time violation at 22.67 ns on register "|lab2|inst2"
Warning (324009): Found clock high time violation at 22.67 ns on register "|lab2|inst1"
Warning (324009): Found clock high time violation at 22.67 ns on register "|lab2|inst"
Warning (324009): Found clock high time violation at 23.67 ns on register "|lab2|inst2"
Warning (324009): Found clock high time violation at 23.67 ns on register "|lab2|inst1"
Warning (324009): Found clock high time violation at 23.67 ns on register "|lab2|inst"
Warning (324009): Found clock high time violation at 24.67 ns on register "|lab2|inst2"
Warning (324009): Found clock high time violation at 24.67 ns on register "|lab2|inst1"
Warning (324009): Found clock high time violation at 24.67 ns on register "|lab2|inst"
Warning (324009): Found clock high time violation at 25.67 ns on register "|lab2|inst2"
Warning (324009): Found clock high time violation at 25.67 ns on register "|lab2|inst1"
Warning (324009): Found clock high time violation at 25.67 ns on register "|lab2|inst"
Warning (324009): Found clock high time violation at 26.67 ns on register "|lab2|inst2"
Warning (324009): Found clock high time violation at 26.67 ns on register "|lab2|inst1"
Warning (324009): Found clock high time violation at 26.67 ns on register "|lab2|inst"
Warning (324009): Found clock high time violation at 27.67 ns on register "|lab2|inst2"
Warning (324009): Found clock high time violation at 27.67 ns on register "|lab2|inst1"
Warning (324009): Found clock high time violation at 27.67 ns on register "|lab2|inst"
Warning (324009): Found clock high time violation at 28.67 ns on register "|lab2|inst2"
Warning (324009): Found clock high time violation at 28.67 ns on register "|lab2|inst1"
Warning (324009): Found clock high time violation at 28.67 ns on register "|lab2|inst"
Warning (324009): Found clock high time violation at 29.67 ns on register "|lab2|inst2"
Warning (324009): Found clock high time violation at 29.67 ns on register "|lab2|inst1"
Warning (324009): Found clock high time violation at 29.67 ns on register "|lab2|inst"
Warning (324009): Found clock high time violation at 30.67 ns on register "|lab2|inst2"
Warning (324009): Found clock high time violation at 30.67 ns on register "|lab2|inst1"
Warning (324009): Found clock high time violation at 30.67 ns on register "|lab2|inst"
Warning (324009): Found clock high time violation at 31.67 ns on register "|lab2|inst2"
Warning (324009): Found clock high time violation at 31.67 ns on register "|lab2|inst1"
Warning (324009): Found clock high time violation at 31.67 ns on register "|lab2|inst"
Warning (324009): Found clock high time violation at 32.67 ns on register "|lab2|inst2"
Warning (324009): Found clock high time violation at 32.67 ns on register "|lab2|inst1"
Warning (324009): Found clock high time violation at 32.67 ns on register "|lab2|inst"
Warning (324009): Found clock high time violation at 33.67 ns on register "|lab2|inst2"
Warning (324009): Found clock high time violation at 33.67 ns on register "|lab2|inst1"
Warning (324009): Found clock high time violation at 33.67 ns on register "|lab2|inst"
Warning (324009): Found clock high time violation at 34.67 ns on register "|lab2|inst2"
Warning (324009): Found clock high time violation at 34.67 ns on register "|lab2|inst1"
Warning (324009): Found clock high time violation at 34.67 ns on register "|lab2|inst"
Warning (324009): Found clock high time violation at 35.67 ns on register "|lab2|inst2"
Warning (324009): Found clock high time violation at 35.67 ns on register "|lab2|inst1"
Warning (324009): Found clock high time violation at 35.67 ns on register "|lab2|inst"
Warning (324009): Found clock high time violation at 36.67 ns on register "|lab2|inst2"
Warning (324009): Found clock high time violation at 36.67 ns on register "|lab2|inst1"
Warning (324009): Found clock high time violation at 36.67 ns on register "|lab2|inst"
Warning (324009): Found clock high time violation at 37.67 ns on register "|lab2|inst2"
Warning (324009): Found clock high time violation at 37.67 ns on register "|lab2|inst1"
Warning (324009): Found clock high time violation at 37.67 ns on register "|lab2|inst"
Warning (324009): Found clock high time violation at 38.67 ns on register "|lab2|inst2"
Warning (324009): Found clock high time violation at 38.67 ns on register "|lab2|inst1"
Warning (324009): Found clock high time violation at 38.67 ns on register "|lab2|inst"
Warning (324009): Found clock high time violation at 39.67 ns on register "|lab2|inst2"
Warning (324009): Found clock high time violation at 39.67 ns on register "|lab2|inst1"
Warning (324009): Found clock high time violation at 39.67 ns on register "|lab2|inst"
Warning (324009): Found clock high time violation at 40.67 ns on register "|lab2|inst2"
Warning (324009): Found clock high time violation at 40.67 ns on register "|lab2|inst1"
Warning (324009): Found clock high time violation at 40.67 ns on register "|lab2|inst"
Warning (324009): Found clock high time violation at 41.67 ns on register "|lab2|inst2"
Warning (324009): Found clock high time violation at 41.67 ns on register "|lab2|inst1"
Warning (324009): Found clock high time violation at 41.67 ns on register "|lab2|inst"
Warning (324009): Found clock high time violation at 42.67 ns on register "|lab2|inst2"
Warning (324009): Found clock high time violation at 42.67 ns on register "|lab2|inst1"
Warning (324009): Found clock high time violation at 42.67 ns on register "|lab2|inst"
Warning (324009): Found clock high time violation at 43.67 ns on register "|lab2|inst2"
Warning (324009): Found clock high time violation at 43.67 ns on register "|lab2|inst1"
Warning (324009): Found clock high time violation at 43.67 ns on register "|lab2|inst"
Warning (324009): Found clock high time violation at 44.67 ns on register "|lab2|inst2"
Warning (324009): Found clock high time violation at 44.67 ns on register "|lab2|inst1"
Warning (324009): Found clock high time violation at 44.67 ns on register "|lab2|inst"
Warning (324009): Found clock high time violation at 45.67 ns on register "|lab2|inst2"
Warning (324009): Found clock high time violation at 45.67 ns on register "|lab2|inst1"
Warning (324009): Found clock high time violation at 45.67 ns on register "|lab2|inst"
Warning (324009): Found clock high time violation at 46.67 ns on register "|lab2|inst2"
Warning (324009): Found clock high time violation at 46.67 ns on register "|lab2|inst1"
Warning (324009): Found clock high time violation at 46.67 ns on register "|lab2|inst"
Warning (324009): Found clock high time violation at 47.67 ns on register "|lab2|inst2"
Warning (324009): Found clock high time violation at 47.67 ns on register "|lab2|inst1"
Warning (324009): Found clock high time violation at 47.67 ns on register "|lab2|inst"
Warning (324009): Found clock high time violation at 48.67 ns on register "|lab2|inst2"
Warning (324009): Found clock high time violation at 48.67 ns on register "|lab2|inst1"
Warning (324009): Found clock high time violation at 48.67 ns on register "|lab2|inst"
Warning (324009): Found clock high time violation at 49.67 ns on register "|lab2|inst2"
Warning (324009): Found clock high time violation at 49.67 ns on register "|lab2|inst1"
Warning (324009): Found clock high time violation at 49.67 ns on register "|lab2|inst"
Warning (324009): Found clock high time violation at 50.67 ns on register "|lab2|inst2"
Warning (324009): Found clock high time violation at 50.67 ns on register "|lab2|inst1"
Warning (324009): Found clock high time violation at 50.67 ns on register "|lab2|inst"
Warning (324009): Found clock high time violation at 51.67 ns on register "|lab2|inst2"
Warning (324009): Found clock high time violation at 51.67 ns on register "|lab2|inst1"
Warning (324009): Found clock high time violation at 51.67 ns on register "|lab2|inst"
Warning (324009): Found clock high time violation at 52.67 ns on register "|lab2|inst2"
Warning (324009): Found clock high time violation at 52.67 ns on register "|lab2|inst1"
Warning (324009): Found clock high time violation at 52.67 ns on register "|lab2|inst"
Warning (324009): Found clock high time violation at 53.67 ns on register "|lab2|inst2"
Warning (324009): Found clock high time violation at 53.67 ns on register "|lab2|inst1"
Warning (324009): Found clock high time violation at 53.67 ns on register "|lab2|inst"
Warning (324009): Found clock high time violation at 54.67 ns on register "|lab2|inst2"
Warning (324009): Found clock high time violation at 54.67 ns on register "|lab2|inst1"
Warning (324009): Found clock high time violation at 54.67 ns on register "|lab2|inst"
Warning (324009): Found clock high time violation at 55.67 ns on register "|lab2|inst2"
Warning (324009): Found clock high time violation at 55.67 ns on register "|lab2|inst1"
Warning (324009): Found clock high time violation at 55.67 ns on register "|lab2|inst"
Warning (324009): Found clock high time violation at 56.67 ns on register "|lab2|inst2"
Warning (324009): Found clock high time violation at 56.67 ns on register "|lab2|inst1"
Warning (324009): Found clock high time violation at 56.67 ns on register "|lab2|inst"
Warning (324009): Found clock high time violation at 57.67 ns on register "|lab2|inst2"
Warning (324009): Found clock high time violation at 57.67 ns on register "|lab2|inst1"
Warning (324009): Found clock high time violation at 57.67 ns on register "|lab2|inst"
Warning (324009): Found clock high time violation at 58.67 ns on register "|lab2|inst2"
Warning (324009): Found clock high time violation at 58.67 ns on register "|lab2|inst1"
Warning (324009): Found clock high time violation at 58.67 ns on register "|lab2|inst"
Warning (324009): Found clock high time violation at 59.67 ns on register "|lab2|inst2"
Warning (324009): Found clock high time violation at 59.67 ns on register "|lab2|inst1"
Warning (324009): Found clock high time violation at 59.67 ns on register "|lab2|inst"
Warning (324009): Found clock high time violation at 60.67 ns on register "|lab2|inst2"
Warning (324009): Found clock high time violation at 60.67 ns on register "|lab2|inst1"
Warning (324009): Found clock high time violation at 60.67 ns on register "|lab2|inst"
Warning (324009): Found clock high time violation at 61.67 ns on register "|lab2|inst2"
Warning (324009): Found clock high time violation at 61.67 ns on register "|lab2|inst1"
Warning (324009): Found clock high time violation at 61.67 ns on register "|lab2|inst"
Warning (324009): Found clock high time violation at 62.67 ns on register "|lab2|inst2"
Warning (324009): Found clock high time violation at 62.67 ns on register "|lab2|inst1"
Warning (324009): Found clock high time violation at 62.67 ns on register "|lab2|inst"
Warning (324009): Found clock high time violation at 63.67 ns on register "|lab2|inst2"
Warning (324009): Found clock high time violation at 63.67 ns on register "|lab2|inst1"
Warning (324009): Found clock high time violation at 63.67 ns on register "|lab2|inst"
Warning (324009): Found clock high time violation at 64.67 ns on register "|lab2|inst2"
Warning (324009): Found clock high time violation at 64.67 ns on register "|lab2|inst1"
Warning (324009): Found clock high time violation at 64.67 ns on register "|lab2|inst"
Warning (324009): Found clock high time violation at 65.67 ns on register "|lab2|inst2"
Warning (324009): Found clock high time violation at 65.67 ns on register "|lab2|inst1"
Warning (324009): Found clock high time violation at 65.67 ns on register "|lab2|inst"
Warning (324009): Found clock high time violation at 66.67 ns on register "|lab2|inst2"
Warning (324009): Found clock high time violation at 66.67 ns on register "|lab2|inst1"
Warning (324009): Found clock high time violation at 66.67 ns on register "|lab2|inst"
Warning (324009): Found clock high time violation at 67.67 ns on register "|lab2|inst2"
Warning (324009): Found clock high time violation at 67.67 ns on register "|lab2|inst1"
Warning (324009): Found clock high time violation at 67.67 ns on register "|lab2|inst"
Warning (324009): Found clock high time violation at 68.67 ns on register "|lab2|inst2"
Warning (324009): Found clock high time violation at 68.67 ns on register "|lab2|inst1"
Warning (324009): Found clock high time violation at 68.67 ns on register "|lab2|inst"
Warning (324009): Found clock high time violation at 69.67 ns on register "|lab2|inst2"
Warning (324009): Found clock high time violation at 69.67 ns on register "|lab2|inst1"
Warning (324009): Found clock high time violation at 69.67 ns on register "|lab2|inst"
Warning (324009): Found clock high time violation at 70.67 ns on register "|lab2|inst2"
Warning (324009): Found clock high time violation at 70.67 ns on register "|lab2|inst1"
Warning (324009): Found clock high time violation at 70.67 ns on register "|lab2|inst"
Warning (324009): Found clock high time violation at 71.67 ns on register "|lab2|inst2"
Warning (324009): Found clock high time violation at 71.67 ns on register "|lab2|inst1"
Warning (324009): Found clock high time violation at 71.67 ns on register "|lab2|inst"
Warning (324009): Found clock high time violation at 72.67 ns on register "|lab2|inst2"
Warning (324009): Found clock high time violation at 72.67 ns on register "|lab2|inst1"
Warning (324009): Found clock high time violation at 72.67 ns on register "|lab2|inst"
Warning (324009): Found clock high time violation at 73.67 ns on register "|lab2|inst2"
Warning (324009): Found clock high time violation at 73.67 ns on register "|lab2|inst1"
Warning (324009): Found clock high time violation at 73.67 ns on register "|lab2|inst"
Warning (324009): Found clock high time violation at 74.67 ns on register "|lab2|inst2"
Warning (324009): Found clock high time violation at 74.67 ns on register "|lab2|inst1"
Warning (324009): Found clock high time violation at 74.67 ns on register "|lab2|inst"
Warning (324009): Found clock high time violation at 75.67 ns on register "|lab2|inst2"
Warning (324009): Found clock high time violation at 75.67 ns on register "|lab2|inst1"
Warning (324009): Found clock high time violation at 75.67 ns on register "|lab2|inst"
Warning (324009): Found clock high time violation at 76.67 ns on register "|lab2|inst2"
Warning (324009): Found clock high time violation at 76.67 ns on register "|lab2|inst1"
Warning (324009): Found clock high time violation at 76.67 ns on register "|lab2|inst"
Warning (324009): Found clock high time violation at 77.67 ns on register "|lab2|inst2"
Warning (324009): Found clock high time violation at 77.67 ns on register "|lab2|inst1"
Warning (324009): Found clock high time violation at 77.67 ns on register "|lab2|inst"
Warning (324009): Found clock high time violation at 78.67 ns on register "|lab2|inst2"
Warning (324009): Found clock high time violation at 78.67 ns on register "|lab2|inst1"
Warning (324009): Found clock high time violation at 78.67 ns on register "|lab2|inst"
Warning (324009): Found clock high time violation at 79.67 ns on register "|lab2|inst2"
Warning (324009): Found clock high time violation at 79.67 ns on register "|lab2|inst1"
Warning (324009): Found clock high time violation at 79.67 ns on register "|lab2|inst"
Warning (324009): Found clock high time violation at 80.67 ns on register "|lab2|inst2"
Warning (324009): Found clock high time violation at 80.67 ns on register "|lab2|inst1"
Warning (324009): Found clock high time violation at 80.67 ns on register "|lab2|inst"
Warning (324009): Found clock high time violation at 81.67 ns on register "|lab2|inst2"
Warning (324009): Found clock high time violation at 81.67 ns on register "|lab2|inst1"
Warning (324009): Found clock high time violation at 81.67 ns on register "|lab2|inst"
Warning (324009): Found clock high time violation at 82.67 ns on register "|lab2|inst2"
Warning (324009): Found clock high time violation at 82.67 ns on register "|lab2|inst1"
Warning (324009): Found clock high time violation at 82.67 ns on register "|lab2|inst"
Warning (324009): Found clock high time violation at 83.67 ns on register "|lab2|inst2"
Warning (324009): Found clock high time violation at 83.67 ns on register "|lab2|inst1"
Warning (324009): Found clock high time violation at 83.67 ns on register "|lab2|inst"
Warning (324009): Found clock high time violation at 84.67 ns on register "|lab2|inst2"
Warning (324009): Found clock high time violation at 84.67 ns on register "|lab2|inst1"
Warning (324009): Found clock high time violation at 84.67 ns on register "|lab2|inst"
Warning (324009): Found clock high time violation at 85.67 ns on register "|lab2|inst2"
Warning (324009): Found clock high time violation at 85.67 ns on register "|lab2|inst1"
Warning (324009): Found clock high time violation at 85.67 ns on register "|lab2|inst"
Warning (324009): Found clock high time violation at 86.67 ns on register "|lab2|inst2"
Warning (324009): Found clock high time violation at 86.67 ns on register "|lab2|inst1"
Warning (324009): Found clock high time violation at 86.67 ns on register "|lab2|inst"
Warning (324009): Found clock high time violation at 87.67 ns on register "|lab2|inst2"
Warning (324009): Found clock high time violation at 87.67 ns on register "|lab2|inst1"
Warning (324009): Found clock high time violation at 87.67 ns on register "|lab2|inst"
Warning (324009): Found clock high time violation at 88.67 ns on register "|lab2|inst2"
Warning (324009): Found clock high time violation at 88.67 ns on register "|lab2|inst1"
Warning (324009): Found clock high time violation at 88.67 ns on register "|lab2|inst"
Warning (324009): Found clock high time violation at 89.67 ns on register "|lab2|inst2"
Warning (324009): Found clock high time violation at 89.67 ns on register "|lab2|inst1"
Warning (324009): Found clock high time violation at 89.67 ns on register "|lab2|inst"
Warning (324009): Found clock high time violation at 90.67 ns on register "|lab2|inst2"
Warning (324009): Found clock high time violation at 90.67 ns on register "|lab2|inst1"
Warning (324009): Found clock high time violation at 90.67 ns on register "|lab2|inst"
Warning (324009): Found clock high time violation at 91.67 ns on register "|lab2|inst2"
Warning (324009): Found clock high time violation at 91.67 ns on register "|lab2|inst1"
Warning (324009): Found clock high time violation at 91.67 ns on register "|lab2|inst"
Warning (324009): Found clock high time violation at 92.67 ns on register "|lab2|inst2"
Warning (324009): Found clock high time violation at 92.67 ns on register "|lab2|inst1"
Warning (324009): Found clock high time violation at 92.67 ns on register "|lab2|inst"
Warning (324009): Found clock high time violation at 93.67 ns on register "|lab2|inst2"
Warning (324009): Found clock high time violation at 93.67 ns on register "|lab2|inst1"
Warning (324009): Found clock high time violation at 93.67 ns on register "|lab2|inst"
Warning (324009): Found clock high time violation at 94.67 ns on register "|lab2|inst2"
Warning (324009): Found clock high time violation at 94.67 ns on register "|lab2|inst1"
Warning (324009): Found clock high time violation at 94.67 ns on register "|lab2|inst"
Warning (324009): Found clock high time violation at 95.67 ns on register "|lab2|inst2"
Warning (324009): Found clock high time violation at 95.67 ns on register "|lab2|inst1"
Warning (324009): Found clock high time violation at 95.67 ns on register "|lab2|inst"
Warning (324009): Found clock high time violation at 96.67 ns on register "|lab2|inst2"
Warning (324009): Found clock high time violation at 96.67 ns on register "|lab2|inst1"
Warning (324009): Found clock high time violation at 96.67 ns on register "|lab2|inst"
Warning (324009): Found clock high time violation at 97.67 ns on register "|lab2|inst2"
Warning (324009): Found clock high time violation at 97.67 ns on register "|lab2|inst1"
Warning (324009): Found clock high time violation at 97.67 ns on register "|lab2|inst"
Warning (324009): Found clock high time violation at 98.67 ns on register "|lab2|inst2"
Warning (324009): Found clock high time violation at 98.67 ns on register "|lab2|inst1"
Warning (324009): Found clock high time violation at 98.67 ns on register "|lab2|inst"
Warning (324009): Found clock high time violation at 99.67 ns on register "|lab2|inst2"
Warning (324009): Found clock high time violation at 99.67 ns on register "|lab2|inst1"
Warning (324009): Found clock high time violation at 99.67 ns on register "|lab2|inst"
Warning (324009): Found clock high time violation at 100.67 ns on register "|lab2|inst2"
Warning (324009): Found clock high time violation at 100.67 ns on register "|lab2|inst1"
Warning (324009): Found clock high time violation at 100.67 ns on register "|lab2|inst"
Warning (324009): Found clock high time violation at 101.67 ns on register "|lab2|inst2"
Warning (324009): Found clock high time violation at 101.67 ns on register "|lab2|inst1"
Warning (324009): Found clock high time violation at 101.67 ns on register "|lab2|inst"
Warning (324009): Found clock high time violation at 102.67 ns on register "|lab2|inst2"
Warning (324009): Found clock high time violation at 102.67 ns on register "|lab2|inst1"
Warning (324009): Found clock high time violation at 102.67 ns on register "|lab2|inst"
Warning (324009): Found clock high time violation at 103.67 ns on register "|lab2|inst2"
Warning (324009): Found clock high time violation at 103.67 ns on register "|lab2|inst1"
Warning (324009): Found clock high time violation at 103.67 ns on register "|lab2|inst"
Warning (324009): Found clock high time violation at 104.67 ns on register "|lab2|inst2"
Warning (324009): Found clock high time violation at 104.67 ns on register "|lab2|inst1"
Warning (324009): Found clock high time violation at 104.67 ns on register "|lab2|inst"
Warning (324009): Found clock high time violation at 105.67 ns on register "|lab2|inst2"
Warning (324009): Found clock high time violation at 105.67 ns on register "|lab2|inst1"
Warning (324009): Found clock high time violation at 105.67 ns on register "|lab2|inst"
Warning (324009): Found clock high time violation at 106.67 ns on register "|lab2|inst2"
Warning (324009): Found clock high time violation at 106.67 ns on register "|lab2|inst1"
Warning (324009): Found clock high time violation at 106.67 ns on register "|lab2|inst"
Warning (324009): Found clock high time violation at 107.67 ns on register "|lab2|inst2"
Warning (324009): Found clock high time violation at 107.67 ns on register "|lab2|inst1"
Warning (324009): Found clock high time violation at 107.67 ns on register "|lab2|inst"
Warning (324009): Found clock high time violation at 108.67 ns on register "|lab2|inst2"
Warning (324009): Found clock high time violation at 108.67 ns on register "|lab2|inst1"
Warning (324009): Found clock high time violation at 108.67 ns on register "|lab2|inst"
Warning (324009): Found clock high time violation at 109.67 ns on register "|lab2|inst2"
Warning (324009): Found clock high time violation at 109.67 ns on register "|lab2|inst1"
Warning (324009): Found clock high time violation at 109.67 ns on register "|lab2|inst"
Warning (324009): Found clock high time violation at 110.67 ns on register "|lab2|inst2"
Warning (324009): Found clock high time violation at 110.67 ns on register "|lab2|inst1"
Warning (324009): Found clock high time violation at 110.67 ns on register "|lab2|inst"
Warning (324009): Found clock high time violation at 111.67 ns on register "|lab2|inst2"
Warning (324009): Found clock high time violation at 111.67 ns on register "|lab2|inst1"
Warning (324009): Found clock high time violation at 111.67 ns on register "|lab2|inst"
Warning (324009): Found clock high time violation at 112.67 ns on register "|lab2|inst2"
Warning (324009): Found clock high time violation at 112.67 ns on register "|lab2|inst1"
Warning (324009): Found clock high time violation at 112.67 ns on register "|lab2|inst"
Warning (324009): Found clock high time violation at 113.67 ns on register "|lab2|inst2"
Warning (324009): Found clock high time violation at 113.67 ns on register "|lab2|inst1"
Warning (324009): Found clock high time violation at 113.67 ns on register "|lab2|inst"
Warning (324009): Found clock high time violation at 114.67 ns on register "|lab2|inst2"
Warning (324009): Found clock high time violation at 114.67 ns on register "|lab2|inst1"
Warning (324009): Found clock high time violation at 114.67 ns on register "|lab2|inst"
Warning (324009): Found clock high time violation at 115.67 ns on register "|lab2|inst2"
Warning (324009): Found clock high time violation at 115.67 ns on register "|lab2|inst1"
Warning (324009): Found clock high time violation at 115.67 ns on register "|lab2|inst"
Warning (324009): Found clock high time violation at 116.67 ns on register "|lab2|inst2"
Warning (324009): Found clock high time violation at 116.67 ns on register "|lab2|inst1"
Warning (324009): Found clock high time violation at 116.67 ns on register "|lab2|inst"
Warning (324009): Found clock high time violation at 117.67 ns on register "|lab2|inst2"
Warning (324009): Found clock high time violation at 117.67 ns on register "|lab2|inst1"
Warning (324009): Found clock high time violation at 117.67 ns on register "|lab2|inst"
Warning (324009): Found clock high time violation at 118.67 ns on register "|lab2|inst2"
Warning (324009): Found clock high time violation at 118.67 ns on register "|lab2|inst1"
Warning (324009): Found clock high time violation at 118.67 ns on register "|lab2|inst"
Warning (324009): Found clock high time violation at 119.67 ns on register "|lab2|inst2"
Warning (324009): Found clock high time violation at 119.67 ns on register "|lab2|inst1"
Warning (324009): Found clock high time violation at 119.67 ns on register "|lab2|inst"
Warning (324009): Found clock high time violation at 120.67 ns on register "|lab2|inst2"
Warning (324009): Found clock high time violation at 120.67 ns on register "|lab2|inst1"
Warning (324009): Found clock high time violation at 120.67 ns on register "|lab2|inst"
Warning (324009): Found clock high time violation at 121.67 ns on register "|lab2|inst2"
Warning (324009): Found clock high time violation at 121.67 ns on register "|lab2|inst1"
Warning (324009): Found clock high time violation at 121.67 ns on register "|lab2|inst"
Warning (324009): Found clock high time violation at 122.67 ns on register "|lab2|inst2"
Warning (324009): Found clock high time violation at 122.67 ns on register "|lab2|inst1"
Warning (324009): Found clock high time violation at 122.67 ns on register "|lab2|inst"
Warning (324009): Found clock high time violation at 123.67 ns on register "|lab2|inst2"
Warning (324009): Found clock high time violation at 123.67 ns on register "|lab2|inst1"
Warning (324009): Found clock high time violation at 123.67 ns on register "|lab2|inst"
Warning (324009): Found clock high time violation at 124.67 ns on register "|lab2|inst2"
Warning (324009): Found clock high time violation at 124.67 ns on register "|lab2|inst1"
Warning (324009): Found clock high time violation at 124.67 ns on register "|lab2|inst"
Warning (324009): Found clock high time violation at 125.67 ns on register "|lab2|inst2"
Warning (324009): Found clock high time violation at 125.67 ns on register "|lab2|inst1"
Warning (324009): Found clock high time violation at 125.67 ns on register "|lab2|inst"
Warning (324009): Found clock high time violation at 126.67 ns on register "|lab2|inst2"
Warning (324009): Found clock high time violation at 126.67 ns on register "|lab2|inst1"
Warning (324009): Found clock high time violation at 126.67 ns on register "|lab2|inst"
Warning (324009): Found clock high time violation at 127.67 ns on register "|lab2|inst2"
Warning (324009): Found clock high time violation at 127.67 ns on register "|lab2|inst1"
Warning (324009): Found clock high time violation at 127.67 ns on register "|lab2|inst"
Warning (324009): Found clock high time violation at 128.67 ns on register "|lab2|inst2"
Warning (324009): Found clock high time violation at 128.67 ns on register "|lab2|inst1"
Warning (324009): Found clock high time violation at 128.67 ns on register "|lab2|inst"
Warning (324009): Found clock high time violation at 129.67 ns on register "|lab2|inst2"
Warning (324009): Found clock high time violation at 129.67 ns on register "|lab2|inst1"
Warning (324009): Found clock high time violation at 129.67 ns on register "|lab2|inst"
Warning (324009): Found clock high time violation at 130.67 ns on register "|lab2|inst2"
Warning (324009): Found clock high time violation at 130.67 ns on register "|lab2|inst1"
Warning (324009): Found clock high time violation at 130.67 ns on register "|lab2|inst"
Warning (324009): Found clock high time violation at 131.67 ns on register "|lab2|inst2"
Warning (324009): Found clock high time violation at 131.67 ns on register "|lab2|inst1"
Warning (324009): Found clock high time violation at 131.67 ns on register "|lab2|inst"
Warning (324009): Found clock high time violation at 132.67 ns on register "|lab2|inst2"
Warning (324009): Found clock high time violation at 132.67 ns on register "|lab2|inst1"
Warning (324009): Found clock high time violation at 132.67 ns on register "|lab2|inst"
Warning (324009): Found clock high time violation at 133.67 ns on register "|lab2|inst2"
Warning (324009): Found clock high time violation at 133.67 ns on register "|lab2|inst1"
Warning (324009): Found clock high time violation at 133.67 ns on register "|lab2|inst"
Warning (324009): Found clock high time violation at 134.67 ns on register "|lab2|inst2"
Warning (324009): Found clock high time violation at 134.67 ns on register "|lab2|inst1"
Warning (324009): Found clock high time violation at 134.67 ns on register "|lab2|inst"
Warning (324009): Found clock high time violation at 135.67 ns on register "|lab2|inst2"
Warning (324009): Found clock high time violation at 135.67 ns on register "|lab2|inst1"
Warning (324009): Found clock high time violation at 135.67 ns on register "|lab2|inst"
Warning (324009): Found clock high time violation at 136.67 ns on register "|lab2|inst2"
Warning (324009): Found clock high time violation at 136.67 ns on register "|lab2|inst1"
Warning (324009): Found clock high time violation at 136.67 ns on register "|lab2|inst"
Warning (324009): Found clock high time violation at 137.67 ns on register "|lab2|inst2"
Warning (324009): Found clock high time violation at 137.67 ns on register "|lab2|inst1"
Warning (324009): Found clock high time violation at 137.67 ns on register "|lab2|inst"
Warning (324009): Found clock high time violation at 138.67 ns on register "|lab2|inst2"
Warning (324009): Found clock high time violation at 138.67 ns on register "|lab2|inst1"
Warning (324009): Found clock high time violation at 138.67 ns on register "|lab2|inst"
Warning (324009): Found clock high time violation at 139.67 ns on register "|lab2|inst2"
Warning (324009): Found clock high time violation at 139.67 ns on register "|lab2|inst1"
Warning (324009): Found clock high time violation at 139.67 ns on register "|lab2|inst"
Warning (324009): Found clock high time violation at 140.67 ns on register "|lab2|inst2"
Warning (324009): Found clock high time violation at 140.67 ns on register "|lab2|inst1"
Warning (324009): Found clock high time violation at 140.67 ns on register "|lab2|inst"
Warning (324009): Found clock high time violation at 141.67 ns on register "|lab2|inst2"
Warning (324009): Found clock high time violation at 141.67 ns on register "|lab2|inst1"
Warning (324009): Found clock high time violation at 141.67 ns on register "|lab2|inst"
Warning (324009): Found clock high time violation at 142.67 ns on register "|lab2|inst2"
Warning (324009): Found clock high time violation at 142.67 ns on register "|lab2|inst1"
Warning (324009): Found clock high time violation at 142.67 ns on register "|lab2|inst"
Warning (324009): Found clock high time violation at 143.67 ns on register "|lab2|inst2"
Warning (324009): Found clock high time violation at 143.67 ns on register "|lab2|inst1"
Warning (324009): Found clock high time violation at 143.67 ns on register "|lab2|inst"
Warning (324009): Found clock high time violation at 144.67 ns on register "|lab2|inst2"
Warning (324009): Found clock high time violation at 144.67 ns on register "|lab2|inst1"
Warning (324009): Found clock high time violation at 144.67 ns on register "|lab2|inst"
Warning (324009): Found clock high time violation at 145.67 ns on register "|lab2|inst2"
Warning (324009): Found clock high time violation at 145.67 ns on register "|lab2|inst1"
Warning (324009): Found clock high time violation at 145.67 ns on register "|lab2|inst"
Warning (324009): Found clock high time violation at 146.67 ns on register "|lab2|inst2"
Warning (324009): Found clock high time violation at 146.67 ns on register "|lab2|inst1"
Warning (324009): Found clock high time violation at 146.67 ns on register "|lab2|inst"
Warning (324009): Found clock high time violation at 147.67 ns on register "|lab2|inst2"
Warning (324009): Found clock high time violation at 147.67 ns on register "|lab2|inst1"
Warning (324009): Found clock high time violation at 147.67 ns on register "|lab2|inst"
Warning (324009): Found clock high time violation at 148.67 ns on register "|lab2|inst2"
Warning (324009): Found clock high time violation at 148.67 ns on register "|lab2|inst1"
Warning (324009): Found clock high time violation at 148.67 ns on register "|lab2|inst"
Warning (324009): Found clock high time violation at 149.67 ns on register "|lab2|inst2"
Warning (324009): Found clock high time violation at 149.67 ns on register "|lab2|inst1"
Warning (324009): Found clock high time violation at 149.67 ns on register "|lab2|inst"
Warning (324009): Found clock high time violation at 150.67 ns on register "|lab2|inst2"
Warning (324009): Found clock high time violation at 150.67 ns on register "|lab2|inst1"
Warning (324009): Found clock high time violation at 150.67 ns on register "|lab2|inst"
Warning (324009): Found clock high time violation at 151.67 ns on register "|lab2|inst2"
Warning (324009): Found clock high time violation at 151.67 ns on register "|lab2|inst1"
Warning (324009): Found clock high time violation at 151.67 ns on register "|lab2|inst"
Warning (324009): Found clock high time violation at 152.67 ns on register "|lab2|inst2"
Warning (324009): Found clock high time violation at 152.67 ns on register "|lab2|inst1"
Warning (324009): Found clock high time violation at 152.67 ns on register "|lab2|inst"
Warning (324009): Found clock high time violation at 153.67 ns on register "|lab2|inst2"
Warning (324009): Found clock high time violation at 153.67 ns on register "|lab2|inst1"
Warning (324009): Found clock high time violation at 153.67 ns on register "|lab2|inst"
Warning (324009): Found clock high time violation at 154.67 ns on register "|lab2|inst2"
Warning (324009): Found clock high time violation at 154.67 ns on register "|lab2|inst1"
Warning (324009): Found clock high time violation at 154.67 ns on register "|lab2|inst"
Warning (324009): Found clock high time violation at 155.67 ns on register "|lab2|inst2"
Warning (324009): Found clock high time violation at 155.67 ns on register "|lab2|inst1"
Warning (324009): Found clock high time violation at 155.67 ns on register "|lab2|inst"
Warning (324009): Found clock high time violation at 156.67 ns on register "|lab2|inst2"
Warning (324009): Found clock high time violation at 156.67 ns on register "|lab2|inst1"
Warning (324009): Found clock high time violation at 156.67 ns on register "|lab2|inst"
Warning (324009): Found clock high time violation at 157.67 ns on register "|lab2|inst2"
Warning (324009): Found clock high time violation at 157.67 ns on register "|lab2|inst1"
Warning (324009): Found clock high time violation at 157.67 ns on register "|lab2|inst"
Warning (324009): Found clock high time violation at 158.67 ns on register "|lab2|inst2"
Warning (324009): Found clock high time violation at 158.67 ns on register "|lab2|inst1"
Warning (324009): Found clock high time violation at 158.67 ns on register "|lab2|inst"
Warning (324009): Found clock high time violation at 159.67 ns on register "|lab2|inst2"
Warning (324009): Found clock high time violation at 159.67 ns on register "|lab2|inst1"
Warning (324009): Found clock high time violation at 159.67 ns on register "|lab2|inst"
Warning (324009): Found clock high time violation at 160.67 ns on register "|lab2|inst2"
Warning (324009): Found clock high time violation at 160.67 ns on register "|lab2|inst1"
Warning (324009): Found clock high time violation at 160.67 ns on register "|lab2|inst"
Warning (324009): Found clock high time violation at 161.67 ns on register "|lab2|inst2"
Warning (324009): Found clock high time violation at 161.67 ns on register "|lab2|inst1"
Warning (324009): Found clock high time violation at 161.67 ns on register "|lab2|inst"
Warning (324009): Found clock high time violation at 162.67 ns on register "|lab2|inst2"
Warning (324009): Found clock high time violation at 162.67 ns on register "|lab2|inst1"
Warning (324009): Found clock high time violation at 162.67 ns on register "|lab2|inst"
Warning (324009): Found clock high time violation at 163.67 ns on register "|lab2|inst2"
Warning (324009): Found clock high time violation at 163.67 ns on register "|lab2|inst1"
Warning (324009): Found clock high time violation at 163.67 ns on register "|lab2|inst"
Warning (324009): Found clock high time violation at 164.67 ns on register "|lab2|inst2"
Warning (324009): Found clock high time violation at 164.67 ns on register "|lab2|inst1"
Warning (324009): Found clock high time violation at 164.67 ns on register "|lab2|inst"
Warning (324009): Found clock high time violation at 165.67 ns on register "|lab2|inst2"
Warning (324009): Found clock high time violation at 165.67 ns on register "|lab2|inst1"
Warning (324009): Found clock high time violation at 165.67 ns on register "|lab2|inst"
Warning (324009): Found clock high time violation at 166.67 ns on register "|lab2|inst2"
Warning (324009): Found clock high time violation at 166.67 ns on register "|lab2|inst1"
Warning (324009): Found clock high time violation at 166.67 ns on register "|lab2|inst"
Warning (324009): Found clock high time violation at 167.67 ns on register "|lab2|inst2"
Warning (324009): Found clock high time violation at 167.67 ns on register "|lab2|inst1"
Warning (324009): Found clock high time violation at 167.67 ns on register "|lab2|inst"
Warning (324009): Found clock high time violation at 168.67 ns on register "|lab2|inst2"
Warning (324009): Found clock high time violation at 168.67 ns on register "|lab2|inst1"
Warning (324009): Found clock high time violation at 168.67 ns on register "|lab2|inst"
Warning (324009): Found clock high time violation at 169.67 ns on register "|lab2|inst2"
Warning (324009): Found clock high time violation at 169.67 ns on register "|lab2|inst1"
Warning (324009): Found clock high time violation at 169.67 ns on register "|lab2|inst"
Warning (324009): Found clock high time violation at 170.67 ns on register "|lab2|inst2"
Warning (324009): Found clock high time violation at 170.67 ns on register "|lab2|inst1"
Warning (324009): Found clock high time violation at 170.67 ns on register "|lab2|inst"
Warning (324009): Found clock high time violation at 171.67 ns on register "|lab2|inst2"
Warning (324009): Found clock high time violation at 171.67 ns on register "|lab2|inst1"
Warning (324009): Found clock high time violation at 171.67 ns on register "|lab2|inst"
Warning (324009): Found clock high time violation at 172.67 ns on register "|lab2|inst2"
Warning (324009): Found clock high time violation at 172.67 ns on register "|lab2|inst1"
Warning (324009): Found clock high time violation at 172.67 ns on register "|lab2|inst"
Warning (324009): Found clock high time violation at 173.67 ns on register "|lab2|inst2"
Warning (324009): Found clock high time violation at 173.67 ns on register "|lab2|inst1"
Warning (324009): Found clock high time violation at 173.67 ns on register "|lab2|inst"
Warning (324009): Found clock high time violation at 174.67 ns on register "|lab2|inst2"
Warning (324009): Found clock high time violation at 174.67 ns on register "|lab2|inst1"
Warning (324009): Found clock high time violation at 174.67 ns on register "|lab2|inst"
Warning (324009): Found clock high time violation at 175.67 ns on register "|lab2|inst2"
Warning (324009): Found clock high time violation at 175.67 ns on register "|lab2|inst1"
Warning (324009): Found clock high time violation at 175.67 ns on register "|lab2|inst"
Warning (324009): Found clock high time violation at 176.67 ns on register "|lab2|inst2"
Warning (324009): Found clock high time violation at 176.67 ns on register "|lab2|inst1"
Warning (324009): Found clock high time violation at 176.67 ns on register "|lab2|inst"
Warning (324009): Found clock high time violation at 177.67 ns on register "|lab2|inst2"
Warning (324009): Found clock high time violation at 177.67 ns on register "|lab2|inst1"
Warning (324009): Found clock high time violation at 177.67 ns on register "|lab2|inst"
Warning (324009): Found clock high time violation at 178.67 ns on register "|lab2|inst2"
Warning (324009): Found clock high time violation at 178.67 ns on register "|lab2|inst1"
Warning (324009): Found clock high time violation at 178.67 ns on register "|lab2|inst"
Warning (324009): Found clock high time violation at 179.67 ns on register "|lab2|inst2"
Warning (324009): Found clock high time violation at 179.67 ns on register "|lab2|inst1"
Warning (324009): Found clock high time violation at 179.67 ns on register "|lab2|inst"
Warning (324009): Found clock high time violation at 180.67 ns on register "|lab2|inst2"
Warning (324009): Found clock high time violation at 180.67 ns on register "|lab2|inst1"
Warning (324009): Found clock high time violation at 180.67 ns on register "|lab2|inst"
Warning (324009): Found clock high time violation at 181.67 ns on register "|lab2|inst2"
Warning (324009): Found clock high time violation at 181.67 ns on register "|lab2|inst1"
Warning (324009): Found clock high time violation at 181.67 ns on register "|lab2|inst"
Warning (324009): Found clock high time violation at 182.67 ns on register "|lab2|inst2"
Warning (324009): Found clock high time violation at 182.67 ns on register "|lab2|inst1"
Warning (324009): Found clock high time violation at 182.67 ns on register "|lab2|inst"
Warning (324009): Found clock high time violation at 183.67 ns on register "|lab2|inst2"
Warning (324009): Found clock high time violation at 183.67 ns on register "|lab2|inst1"
Warning (324009): Found clock high time violation at 183.67 ns on register "|lab2|inst"
Warning (324009): Found clock high time violation at 184.67 ns on register "|lab2|inst2"
Warning (324009): Found clock high time violation at 184.67 ns on register "|lab2|inst1"
Warning (324009): Found clock high time violation at 184.67 ns on register "|lab2|inst"
Warning (324009): Found clock high time violation at 185.67 ns on register "|lab2|inst2"
Warning (324009): Found clock high time violation at 185.67 ns on register "|lab2|inst1"
Warning (324009): Found clock high time violation at 185.67 ns on register "|lab2|inst"
Warning (324009): Found clock high time violation at 186.67 ns on register "|lab2|inst2"
Warning (324009): Found clock high time violation at 186.67 ns on register "|lab2|inst1"
Warning (324009): Found clock high time violation at 186.67 ns on register "|lab2|inst"
Warning (324009): Found clock high time violation at 187.67 ns on register "|lab2|inst2"
Warning (324009): Found clock high time violation at 187.67 ns on register "|lab2|inst1"
Warning (324009): Found clock high time violation at 187.67 ns on register "|lab2|inst"
Warning (324009): Found clock high time violation at 188.67 ns on register "|lab2|inst2"
Warning (324009): Found clock high time violation at 188.67 ns on register "|lab2|inst1"
Warning (324009): Found clock high time violation at 188.67 ns on register "|lab2|inst"
Warning (324009): Found clock high time violation at 189.67 ns on register "|lab2|inst2"
Warning (324009): Found clock high time violation at 189.67 ns on register "|lab2|inst1"
Warning (324009): Found clock high time violation at 189.67 ns on register "|lab2|inst"
Warning (324009): Found clock high time violation at 190.67 ns on register "|lab2|inst2"
Warning (324009): Found clock high time violation at 190.67 ns on register "|lab2|inst1"
Warning (324009): Found clock high time violation at 190.67 ns on register "|lab2|inst"
Warning (324009): Found clock high time violation at 191.67 ns on register "|lab2|inst2"
Warning (324009): Found clock high time violation at 191.67 ns on register "|lab2|inst1"
Warning (324009): Found clock high time violation at 191.67 ns on register "|lab2|inst"
Warning (324009): Found clock high time violation at 192.67 ns on register "|lab2|inst2"
Warning (324009): Found clock high time violation at 192.67 ns on register "|lab2|inst1"
Warning (324009): Found clock high time violation at 192.67 ns on register "|lab2|inst"
Warning (324009): Found clock high time violation at 193.67 ns on register "|lab2|inst2"
Warning (324009): Found clock high time violation at 193.67 ns on register "|lab2|inst1"
Warning (324009): Found clock high time violation at 193.67 ns on register "|lab2|inst"
Warning (324009): Found clock high time violation at 194.67 ns on register "|lab2|inst2"
Warning (324009): Found clock high time violation at 194.67 ns on register "|lab2|inst1"
Warning (324009): Found clock high time violation at 194.67 ns on register "|lab2|inst"
Warning (324009): Found clock high time violation at 195.67 ns on register "|lab2|inst2"
Warning (324009): Found clock high time violation at 195.67 ns on register "|lab2|inst1"
Warning (324009): Found clock high time violation at 195.67 ns on register "|lab2|inst"
Warning (324009): Found clock high time violation at 196.67 ns on register "|lab2|inst2"
Warning (324009): Found clock high time violation at 196.67 ns on register "|lab2|inst1"
Warning (324009): Found clock high time violation at 196.67 ns on register "|lab2|inst"
Warning (324009): Found clock high time violation at 197.67 ns on register "|lab2|inst2"
Warning (324009): Found clock high time violation at 197.67 ns on register "|lab2|inst1"
Warning (324009): Found clock high time violation at 197.67 ns on register "|lab2|inst"
Warning (324009): Found clock high time violation at 198.67 ns on register "|lab2|inst2"
Warning (324009): Found clock high time violation at 198.67 ns on register "|lab2|inst1"
Warning (324009): Found clock high time violation at 198.67 ns on register "|lab2|inst"
Warning (324009): Found clock high time violation at 199.67 ns on register "|lab2|inst2"
Warning (324009): Found clock high time violation at 199.67 ns on register "|lab2|inst1"
Warning (324009): Found clock high time violation at 199.67 ns on register "|lab2|inst"
Warning (324009): Found clock high time violation at 200.67 ns on register "|lab2|inst2"
Warning (324009): Found clock high time violation at 200.67 ns on register "|lab2|inst1"
Warning (324009): Found clock high time violation at 200.67 ns on register "|lab2|inst"
Warning (324009): Found clock high time violation at 201.67 ns on register "|lab2|inst2"
Warning (324009): Found clock high time violation at 201.67 ns on register "|lab2|inst1"
Warning (324009): Found clock high time violation at 201.67 ns on register "|lab2|inst"
Warning (324009): Found clock high time violation at 202.67 ns on register "|lab2|inst2"
Warning (324009): Found clock high time violation at 202.67 ns on register "|lab2|inst1"
Warning (324009): Found clock high time violation at 202.67 ns on register "|lab2|inst"
Warning (324009): Found clock high time violation at 203.67 ns on register "|lab2|inst2"
Warning (324009): Found clock high time violation at 203.67 ns on register "|lab2|inst1"
Warning (324009): Found clock high time violation at 203.67 ns on register "|lab2|inst"
Warning (324009): Found clock high time violation at 204.67 ns on register "|lab2|inst2"
Warning (324009): Found clock high time violation at 204.67 ns on register "|lab2|inst1"
Warning (324009): Found clock high time violation at 204.67 ns on register "|lab2|inst"
Warning (324009): Found clock high time violation at 205.67 ns on register "|lab2|inst2"
Warning (324009): Found clock high time violation at 205.67 ns on register "|lab2|inst1"
Warning (324009): Found clock high time violation at 205.67 ns on register "|lab2|inst"
Warning (324009): Found clock high time violation at 206.67 ns on register "|lab2|inst2"
Warning (324009): Found clock high time violation at 206.67 ns on register "|lab2|inst1"
Warning (324009): Found clock high time violation at 206.67 ns on register "|lab2|inst"
Warning (324009): Found clock high time violation at 207.67 ns on register "|lab2|inst2"
Warning (324009): Found clock high time violation at 207.67 ns on register "|lab2|inst1"
Warning (324009): Found clock high time violation at 207.67 ns on register "|lab2|inst"
Warning (324009): Found clock high time violation at 208.67 ns on register "|lab2|inst2"
Warning (324009): Found clock high time violation at 208.67 ns on register "|lab2|inst1"
Warning (324009): Found clock high time violation at 208.67 ns on register "|lab2|inst"
Warning (324009): Found clock high time violation at 209.67 ns on register "|lab2|inst2"
Warning (324009): Found clock high time violation at 209.67 ns on register "|lab2|inst1"
Warning (324009): Found clock high time violation at 209.67 ns on register "|lab2|inst"
Warning (324009): Found clock high time violation at 210.67 ns on register "|lab2|inst2"
Warning (324009): Found clock high time violation at 210.67 ns on register "|lab2|inst1"
Warning (324009): Found clock high time violation at 210.67 ns on register "|lab2|inst"
Warning (324009): Found clock high time violation at 211.67 ns on register "|lab2|inst2"
Warning (324009): Found clock high time violation at 211.67 ns on register "|lab2|inst1"
Warning (324009): Found clock high time violation at 211.67 ns on register "|lab2|inst"
Warning (324009): Found clock high time violation at 212.67 ns on register "|lab2|inst2"
Warning (324009): Found clock high time violation at 212.67 ns on register "|lab2|inst1"
Warning (324009): Found clock high time violation at 212.67 ns on register "|lab2|inst"
Warning (324009): Found clock high time violation at 213.67 ns on register "|lab2|inst2"
Warning (324009): Found clock high time violation at 213.67 ns on register "|lab2|inst1"
Warning (324009): Found clock high time violation at 213.67 ns on register "|lab2|inst"
Warning (324009): Found clock high time violation at 214.67 ns on register "|lab2|inst2"
Warning (324009): Found clock high time violation at 214.67 ns on register "|lab2|inst1"
Warning (324009): Found clock high time violation at 214.67 ns on register "|lab2|inst"
Warning (324009): Found clock high time violation at 215.67 ns on register "|lab2|inst2"
Warning (324009): Found clock high time violation at 215.67 ns on register "|lab2|inst1"
Warning (324009): Found clock high time violation at 215.67 ns on register "|lab2|inst"
Warning (324009): Found clock high time violation at 216.67 ns on register "|lab2|inst2"
Warning (324009): Found clock high time violation at 216.67 ns on register "|lab2|inst1"
Warning (324009): Found clock high time violation at 216.67 ns on register "|lab2|inst"
Warning (324009): Found clock high time violation at 217.67 ns on register "|lab2|inst2"
Warning (324009): Found clock high time violation at 217.67 ns on register "|lab2|inst1"
Warning (324009): Found clock high time violation at 217.67 ns on register "|lab2|inst"
Warning (324009): Found clock high time violation at 218.67 ns on register "|lab2|inst2"
Warning (324009): Found clock high time violation at 218.67 ns on register "|lab2|inst1"
Warning (324009): Found clock high time violation at 218.67 ns on register "|lab2|inst"
Warning (324009): Found clock high time violation at 219.67 ns on register "|lab2|inst2"
Warning (324009): Found clock high time violation at 219.67 ns on register "|lab2|inst1"
Warning (324009): Found clock high time violation at 219.67 ns on register "|lab2|inst"
Warning (324009): Found clock high time violation at 220.67 ns on register "|lab2|inst2"
Warning (324009): Found clock high time violation at 220.67 ns on register "|lab2|inst1"
Warning (324009): Found clock high time violation at 220.67 ns on register "|lab2|inst"
Warning (324009): Found clock high time violation at 221.67 ns on register "|lab2|inst2"
Warning (324009): Found clock high time violation at 221.67 ns on register "|lab2|inst1"
Warning (324009): Found clock high time violation at 221.67 ns on register "|lab2|inst"
Warning (324009): Found clock high time violation at 222.67 ns on register "|lab2|inst2"
Warning (324009): Found clock high time violation at 222.67 ns on register "|lab2|inst1"
Warning (324009): Found clock high time violation at 222.67 ns on register "|lab2|inst"
Warning (324009): Found clock high time violation at 223.67 ns on register "|lab2|inst2"
Warning (324009): Found clock high time violation at 223.67 ns on register "|lab2|inst1"
Warning (324009): Found clock high time violation at 223.67 ns on register "|lab2|inst"
Warning (324009): Found clock high time violation at 224.67 ns on register "|lab2|inst2"
Warning (324009): Found clock high time violation at 224.67 ns on register "|lab2|inst1"
Warning (324009): Found clock high time violation at 224.67 ns on register "|lab2|inst"
Warning (324009): Found clock high time violation at 225.67 ns on register "|lab2|inst2"
Warning (324009): Found clock high time violation at 225.67 ns on register "|lab2|inst1"
Warning (324009): Found clock high time violation at 225.67 ns on register "|lab2|inst"
Warning (324009): Found clock high time violation at 226.67 ns on register "|lab2|inst2"
Warning (324009): Found clock high time violation at 226.67 ns on register "|lab2|inst1"
Warning (324009): Found clock high time violation at 226.67 ns on register "|lab2|inst"
Warning (324009): Found clock high time violation at 227.67 ns on register "|lab2|inst2"
Warning (324009): Found clock high time violation at 227.67 ns on register "|lab2|inst1"
Warning (324009): Found clock high time violation at 227.67 ns on register "|lab2|inst"
Warning (324009): Found clock high time violation at 228.67 ns on register "|lab2|inst2"
Warning (324009): Found clock high time violation at 228.67 ns on register "|lab2|inst1"
Warning (324009): Found clock high time violation at 228.67 ns on register "|lab2|inst"
Warning (324009): Found clock high time violation at 229.67 ns on register "|lab2|inst2"
Warning (324009): Found clock high time violation at 229.67 ns on register "|lab2|inst1"
Warning (324009): Found clock high time violation at 229.67 ns on register "|lab2|inst"
Warning (324009): Found clock high time violation at 230.67 ns on register "|lab2|inst2"
Warning (324009): Found clock high time violation at 230.67 ns on register "|lab2|inst1"
Warning (324009): Found clock high time violation at 230.67 ns on register "|lab2|inst"
Warning (324009): Found clock high time violation at 231.67 ns on register "|lab2|inst2"
Warning (324009): Found clock high time violation at 231.67 ns on register "|lab2|inst1"
Warning (324009): Found clock high time violation at 231.67 ns on register "|lab2|inst"
Warning (324009): Found clock high time violation at 232.67 ns on register "|lab2|inst2"
Warning (324009): Found clock high time violation at 232.67 ns on register "|lab2|inst1"
Warning (324009): Found clock high time violation at 232.67 ns on register "|lab2|inst"
Warning (324009): Found clock high time violation at 233.67 ns on register "|lab2|inst2"
Warning (324009): Found clock high time violation at 233.67 ns on register "|lab2|inst1"
Warning (324009): Found clock high time violation at 233.67 ns on register "|lab2|inst"
Warning (324009): Found clock high time violation at 234.67 ns on register "|lab2|inst2"
Warning (324009): Found clock high time violation at 234.67 ns on register "|lab2|inst1"
Warning (324009): Found clock high time violation at 234.67 ns on register "|lab2|inst"
Warning (324009): Found clock high time violation at 235.67 ns on register "|lab2|inst2"
Warning (324009): Found clock high time violation at 235.67 ns on register "|lab2|inst1"
Warning (324009): Found clock high time violation at 235.67 ns on register "|lab2|inst"
Warning (324009): Found clock high time violation at 236.67 ns on register "|lab2|inst2"
Warning (324009): Found clock high time violation at 236.67 ns on register "|lab2|inst1"
Warning (324009): Found clock high time violation at 236.67 ns on register "|lab2|inst"
Warning (324009): Found clock high time violation at 237.67 ns on register "|lab2|inst2"
Warning (324009): Found clock high time violation at 237.67 ns on register "|lab2|inst1"
Warning (324009): Found clock high time violation at 237.67 ns on register "|lab2|inst"
Warning (324009): Found clock high time violation at 238.67 ns on register "|lab2|inst2"
Warning (324009): Found clock high time violation at 238.67 ns on register "|lab2|inst1"
Warning (324009): Found clock high time violation at 238.67 ns on register "|lab2|inst"
Warning (324009): Found clock high time violation at 239.67 ns on register "|lab2|inst2"
Warning (324009): Found clock high time violation at 239.67 ns on register "|lab2|inst1"
Warning (324009): Found clock high time violation at 239.67 ns on register "|lab2|inst"
Warning (324009): Found clock high time violation at 240.67 ns on register "|lab2|inst2"
Warning (324009): Found clock high time violation at 240.67 ns on register "|lab2|inst1"
Warning (324009): Found clock high time violation at 240.67 ns on register "|lab2|inst"
Warning (324009): Found clock high time violation at 241.67 ns on register "|lab2|inst2"
Warning (324009): Found clock high time violation at 241.67 ns on register "|lab2|inst1"
Warning (324009): Found clock high time violation at 241.67 ns on register "|lab2|inst"
Warning (324009): Found clock high time violation at 242.67 ns on register "|lab2|inst2"
Warning (324009): Found clock high time violation at 242.67 ns on register "|lab2|inst1"
Warning (324009): Found clock high time violation at 242.67 ns on register "|lab2|inst"
Warning (324009): Found clock high time violation at 243.67 ns on register "|lab2|inst2"
Warning (324009): Found clock high time violation at 243.67 ns on register "|lab2|inst1"
Warning (324009): Found clock high time violation at 243.67 ns on register "|lab2|inst"
Warning (324009): Found clock high time violation at 244.67 ns on register "|lab2|inst2"
Warning (324009): Found clock high time violation at 244.67 ns on register "|lab2|inst1"
Warning (324009): Found clock high time violation at 244.67 ns on register "|lab2|inst"
Warning (324009): Found clock high time violation at 245.67 ns on register "|lab2|inst2"
Warning (324009): Found clock high time violation at 245.67 ns on register "|lab2|inst1"
Warning (324009): Found clock high time violation at 245.67 ns on register "|lab2|inst"
Warning (324009): Found clock high time violation at 246.67 ns on register "|lab2|inst2"
Warning (324009): Found clock high time violation at 246.67 ns on register "|lab2|inst1"
Warning (324009): Found clock high time violation at 246.67 ns on register "|lab2|inst"
Warning (324009): Found clock high time violation at 247.67 ns on register "|lab2|inst2"
Warning (324009): Found clock high time violation at 247.67 ns on register "|lab2|inst1"
Warning (324009): Found clock high time violation at 247.67 ns on register "|lab2|inst"
Warning (324009): Found clock high time violation at 248.67 ns on register "|lab2|inst2"
Warning (324009): Found clock high time violation at 248.67 ns on register "|lab2|inst1"
Warning (324009): Found clock high time violation at 248.67 ns on register "|lab2|inst"
Warning (324009): Found clock high time violation at 249.67 ns on register "|lab2|inst2"
Warning (324009): Found clock high time violation at 249.67 ns on register "|lab2|inst1"
Warning (324009): Found clock high time violation at 249.67 ns on register "|lab2|inst"
Warning (324009): Found clock high time violation at 250.67 ns on register "|lab2|inst2"
Warning (324009): Found clock high time violation at 250.67 ns on register "|lab2|inst1"
Warning (324009): Found clock high time violation at 250.67 ns on register "|lab2|inst"
Warning (324009): Found clock high time violation at 251.67 ns on register "|lab2|inst2"
Warning (324009): Found clock high time violation at 251.67 ns on register "|lab2|inst1"
Warning (324009): Found clock high time violation at 251.67 ns on register "|lab2|inst"
Warning (324009): Found clock high time violation at 252.67 ns on register "|lab2|inst2"
Warning (324009): Found clock high time violation at 252.67 ns on register "|lab2|inst1"
Warning (324009): Found clock high time violation at 252.67 ns on register "|lab2|inst"
Warning (324009): Found clock high time violation at 253.67 ns on register "|lab2|inst2"
Warning (324009): Found clock high time violation at 253.67 ns on register "|lab2|inst1"
Warning (324009): Found clock high time violation at 253.67 ns on register "|lab2|inst"
Warning (324009): Found clock high time violation at 254.67 ns on register "|lab2|inst2"
Warning (324009): Found clock high time violation at 254.67 ns on register "|lab2|inst1"
Warning (324009): Found clock high time violation at 254.67 ns on register "|lab2|inst"
Warning (324009): Found clock high time violation at 255.67 ns on register "|lab2|inst2"
Warning (324009): Found clock high time violation at 255.67 ns on register "|lab2|inst1"
Warning (324009): Found clock high time violation at 255.67 ns on register "|lab2|inst"
Warning (324009): Found clock high time violation at 256.67 ns on register "|lab2|inst2"
Warning (324009): Found clock high time violation at 256.67 ns on register "|lab2|inst1"
Warning (324009): Found clock high time violation at 256.67 ns on register "|lab2|inst"
Warning (324009): Found clock high time violation at 257.67 ns on register "|lab2|inst2"
Warning (324009): Found clock high time violation at 257.67 ns on register "|lab2|inst1"
Warning (324009): Found clock high time violation at 257.67 ns on register "|lab2|inst"
Warning (324009): Found clock high time violation at 258.67 ns on register "|lab2|inst2"
Warning (324009): Found clock high time violation at 258.67 ns on register "|lab2|inst1"
Warning (324009): Found clock high time violation at 258.67 ns on register "|lab2|inst"
Warning (324009): Found clock high time violation at 259.67 ns on register "|lab2|inst2"
Warning (324009): Found clock high time violation at 259.67 ns on register "|lab2|inst1"
Warning (324009): Found clock high time violation at 259.67 ns on register "|lab2|inst"
Warning (324009): Found clock high time violation at 260.67 ns on register "|lab2|inst2"
Warning (324009): Found clock high time violation at 260.67 ns on register "|lab2|inst1"
Warning (324009): Found clock high time violation at 260.67 ns on register "|lab2|inst"
Warning (324009): Found clock high time violation at 261.67 ns on register "|lab2|inst2"
Warning (324009): Found clock high time violation at 261.67 ns on register "|lab2|inst1"
Warning (324009): Found clock high time violation at 261.67 ns on register "|lab2|inst"
Warning (324009): Found clock high time violation at 262.67 ns on register "|lab2|inst2"
Warning (324009): Found clock high time violation at 262.67 ns on register "|lab2|inst1"
Warning (324009): Found clock high time violation at 262.67 ns on register "|lab2|inst"
Warning (324009): Found clock high time violation at 263.67 ns on register "|lab2|inst2"
Warning (324009): Found clock high time violation at 263.67 ns on register "|lab2|inst1"
Warning (324009): Found clock high time violation at 263.67 ns on register "|lab2|inst"
Warning (324009): Found clock high time violation at 264.67 ns on register "|lab2|inst2"
Warning (324009): Found clock high time violation at 264.67 ns on register "|lab2|inst1"
Warning (324009): Found clock high time violation at 264.67 ns on register "|lab2|inst"
Warning (324009): Found clock high time violation at 265.67 ns on register "|lab2|inst2"
Warning (324009): Found clock high time violation at 265.67 ns on register "|lab2|inst1"
Warning (324009): Found clock high time violation at 265.67 ns on register "|lab2|inst"
Warning (324009): Found clock high time violation at 266.67 ns on register "|lab2|inst2"
Warning (324009): Found clock high time violation at 266.67 ns on register "|lab2|inst1"
Warning (324009): Found clock high time violation at 266.67 ns on register "|lab2|inst"
Warning (324009): Found clock high time violation at 267.67 ns on register "|lab2|inst2"
Warning (324009): Found clock high time violation at 267.67 ns on register "|lab2|inst1"
Warning (324009): Found clock high time violation at 267.67 ns on register "|lab2|inst"
Warning (324009): Found clock high time violation at 268.67 ns on register "|lab2|inst2"
Warning (324009): Found clock high time violation at 268.67 ns on register "|lab2|inst1"
Warning (324009): Found clock high time violation at 268.67 ns on register "|lab2|inst"
Warning (324009): Found clock high time violation at 269.67 ns on register "|lab2|inst2"
Warning (324009): Found clock high time violation at 269.67 ns on register "|lab2|inst1"
Warning (324009): Found clock high time violation at 269.67 ns on register "|lab2|inst"
Warning (324009): Found clock high time violation at 270.67 ns on register "|lab2|inst2"
Warning (324009): Found clock high time violation at 270.67 ns on register "|lab2|inst1"
Warning (324009): Found clock high time violation at 270.67 ns on register "|lab2|inst"
Warning (324009): Found clock high time violation at 271.67 ns on register "|lab2|inst2"
Warning (324009): Found clock high time violation at 271.67 ns on register "|lab2|inst1"
Warning (324009): Found clock high time violation at 271.67 ns on register "|lab2|inst"
Warning (324009): Found clock high time violation at 272.67 ns on register "|lab2|inst2"
Warning (324009): Found clock high time violation at 272.67 ns on register "|lab2|inst1"
Warning (324009): Found clock high time violation at 272.67 ns on register "|lab2|inst"
Warning (324009): Found clock high time violation at 273.67 ns on register "|lab2|inst2"
Warning (324009): Found clock high time violation at 273.67 ns on register "|lab2|inst1"
Warning (324009): Found clock high time violation at 273.67 ns on register "|lab2|inst"
Warning (324009): Found clock high time violation at 274.67 ns on register "|lab2|inst2"
Warning (324009): Found clock high time violation at 274.67 ns on register "|lab2|inst1"
Warning (324009): Found clock high time violation at 274.67 ns on register "|lab2|inst"
Warning (324009): Found clock high time violation at 275.67 ns on register "|lab2|inst2"
Warning (324009): Found clock high time violation at 275.67 ns on register "|lab2|inst1"
Warning (324009): Found clock high time violation at 275.67 ns on register "|lab2|inst"
Warning (324009): Found clock high time violation at 276.67 ns on register "|lab2|inst2"
Warning (324009): Found clock high time violation at 276.67 ns on register "|lab2|inst1"
Warning (324009): Found clock high time violation at 276.67 ns on register "|lab2|inst"
Warning (324009): Found clock high time violation at 277.67 ns on register "|lab2|inst2"
Warning (324009): Found clock high time violation at 277.67 ns on register "|lab2|inst1"
Warning (324009): Found clock high time violation at 277.67 ns on register "|lab2|inst"
Warning (324009): Found clock high time violation at 278.67 ns on register "|lab2|inst2"
Warning (324009): Found clock high time violation at 278.67 ns on register "|lab2|inst1"
Warning (324009): Found clock high time violation at 278.67 ns on register "|lab2|inst"
Warning (324009): Found clock high time violation at 279.67 ns on register "|lab2|inst2"
Warning (324009): Found clock high time violation at 279.67 ns on register "|lab2|inst1"
Warning (324009): Found clock high time violation at 279.67 ns on register "|lab2|inst"
Warning (324009): Found clock high time violation at 280.67 ns on register "|lab2|inst2"
Warning (324009): Found clock high time violation at 280.67 ns on register "|lab2|inst1"
Warning (324009): Found clock high time violation at 280.67 ns on register "|lab2|inst"
Warning (324009): Found clock high time violation at 281.67 ns on register "|lab2|inst2"
Warning (324009): Found clock high time violation at 281.67 ns on register "|lab2|inst1"
Warning (324009): Found clock high time violation at 281.67 ns on register "|lab2|inst"
Warning (324009): Found clock high time violation at 282.67 ns on register "|lab2|inst2"
Warning (324009): Found clock high time violation at 282.67 ns on register "|lab2|inst1"
Warning (324009): Found clock high time violation at 282.67 ns on register "|lab2|inst"
Warning (324009): Found clock high time violation at 283.67 ns on register "|lab2|inst2"
Warning (324009): Found clock high time violation at 283.67 ns on register "|lab2|inst1"
Warning (324009): Found clock high time violation at 283.67 ns on register "|lab2|inst"
Warning (324009): Found clock high time violation at 284.67 ns on register "|lab2|inst2"
Warning (324009): Found clock high time violation at 284.67 ns on register "|lab2|inst1"
Warning (324009): Found clock high time violation at 284.67 ns on register "|lab2|inst"
Warning (324009): Found clock high time violation at 285.67 ns on register "|lab2|inst2"
Warning (324009): Found clock high time violation at 285.67 ns on register "|lab2|inst1"
Warning (324009): Found clock high time violation at 285.67 ns on register "|lab2|inst"
Warning (324009): Found clock high time violation at 286.67 ns on register "|lab2|inst2"
Warning (324009): Found clock high time violation at 286.67 ns on register "|lab2|inst1"
Warning (324009): Found clock high time violation at 286.67 ns on register "|lab2|inst"
Warning (324009): Found clock high time violation at 287.67 ns on register "|lab2|inst2"
Warning (324009): Found clock high time violation at 287.67 ns on register "|lab2|inst1"
Warning (324009): Found clock high time violation at 287.67 ns on register "|lab2|inst"
Warning (324009): Found clock high time violation at 288.67 ns on register "|lab2|inst2"
Warning (324009): Found clock high time violation at 288.67 ns on register "|lab2|inst1"
Warning (324009): Found clock high time violation at 288.67 ns on register "|lab2|inst"
Warning (324009): Found clock high time violation at 289.67 ns on register "|lab2|inst2"
Warning (324009): Found clock high time violation at 289.67 ns on register "|lab2|inst1"
Warning (324009): Found clock high time violation at 289.67 ns on register "|lab2|inst"
Warning (324009): Found clock high time violation at 290.67 ns on register "|lab2|inst2"
Warning (324009): Found clock high time violation at 290.67 ns on register "|lab2|inst1"
Warning (324009): Found clock high time violation at 290.67 ns on register "|lab2|inst"
Warning (324009): Found clock high time violation at 291.67 ns on register "|lab2|inst2"
Warning (324009): Found clock high time violation at 291.67 ns on register "|lab2|inst1"
Warning (324009): Found clock high time violation at 291.67 ns on register "|lab2|inst"
Warning (324009): Found clock high time violation at 292.67 ns on register "|lab2|inst2"
Warning (324009): Found clock high time violation at 292.67 ns on register "|lab2|inst1"
Warning (324009): Found clock high time violation at 292.67 ns on register "|lab2|inst"
Warning (324009): Found clock high time violation at 293.67 ns on register "|lab2|inst2"
Warning (324009): Found clock high time violation at 293.67 ns on register "|lab2|inst1"
Warning (324009): Found clock high time violation at 293.67 ns on register "|lab2|inst"
Warning (324009): Found clock high time violation at 294.67 ns on register "|lab2|inst2"
Warning (324009): Found clock high time violation at 294.67 ns on register "|lab2|inst1"
Warning (324009): Found clock high time violation at 294.67 ns on register "|lab2|inst"
Warning (324009): Found clock high time violation at 295.67 ns on register "|lab2|inst2"
Warning (324009): Found clock high time violation at 295.67 ns on register "|lab2|inst1"
Warning (324009): Found clock high time violation at 295.67 ns on register "|lab2|inst"
Warning (324009): Found clock high time violation at 296.67 ns on register "|lab2|inst2"
Warning (324009): Found clock high time violation at 296.67 ns on register "|lab2|inst1"
Warning (324009): Found clock high time violation at 296.67 ns on register "|lab2|inst"
Warning (324009): Found clock high time violation at 297.67 ns on register "|lab2|inst2"
Warning (324009): Found clock high time violation at 297.67 ns on register "|lab2|inst1"
Warning (324009): Found clock high time violation at 297.67 ns on register "|lab2|inst"
Warning (324009): Found clock high time violation at 298.67 ns on register "|lab2|inst2"
Warning (324009): Found clock high time violation at 298.67 ns on register "|lab2|inst1"
Warning (324009): Found clock high time violation at 298.67 ns on register "|lab2|inst"
Warning (324009): Found clock high time violation at 299.67 ns on register "|lab2|inst2"
Warning (324009): Found clock high time violation at 299.67 ns on register "|lab2|inst1"
Warning (324009): Found clock high time violation at 299.67 ns on register "|lab2|inst"
Warning (324009): Found clock high time violation at 300.67 ns on register "|lab2|inst2"
Warning (324009): Found clock high time violation at 300.67 ns on register "|lab2|inst1"
Warning (324009): Found clock high time violation at 300.67 ns on register "|lab2|inst"
Warning (324009): Found clock high time violation at 301.67 ns on register "|lab2|inst2"
Warning (324009): Found clock high time violation at 301.67 ns on register "|lab2|inst1"
Warning (324009): Found clock high time violation at 301.67 ns on register "|lab2|inst"
Warning (324009): Found clock high time violation at 302.67 ns on register "|lab2|inst2"
Warning (324009): Found clock high time violation at 302.67 ns on register "|lab2|inst1"
Warning (324009): Found clock high time violation at 302.67 ns on register "|lab2|inst"
Warning (324009): Found clock high time violation at 303.67 ns on register "|lab2|inst2"
Warning (324009): Found clock high time violation at 303.67 ns on register "|lab2|inst1"
Warning (324009): Found clock high time violation at 303.67 ns on register "|lab2|inst"
Warning (324009): Found clock high time violation at 304.67 ns on register "|lab2|inst2"
Warning (324009): Found clock high time violation at 304.67 ns on register "|lab2|inst1"
Warning (324009): Found clock high time violation at 304.67 ns on register "|lab2|inst"
Warning (324009): Found clock high time violation at 305.67 ns on register "|lab2|inst2"
Warning (324009): Found clock high time violation at 305.67 ns on register "|lab2|inst1"
Warning (324009): Found clock high time violation at 305.67 ns on register "|lab2|inst"
Warning (324009): Found clock high time violation at 306.67 ns on register "|lab2|inst2"
Warning (324009): Found clock high time violation at 306.67 ns on register "|lab2|inst1"
Warning (324009): Found clock high time violation at 306.67 ns on register "|lab2|inst"
Warning (324009): Found clock high time violation at 307.67 ns on register "|lab2|inst2"
Warning (324009): Found clock high time violation at 307.67 ns on register "|lab2|inst1"
Warning (324009): Found clock high time violation at 307.67 ns on register "|lab2|inst"
Warning (324009): Found clock high time violation at 308.67 ns on register "|lab2|inst2"
Warning (324009): Found clock high time violation at 308.67 ns on register "|lab2|inst1"
Warning (324009): Found clock high time violation at 308.67 ns on register "|lab2|inst"
Warning (324009): Found clock high time violation at 309.67 ns on register "|lab2|inst2"
Warning (324009): Found clock high time violation at 309.67 ns on register "|lab2|inst1"
Warning (324009): Found clock high time violation at 309.67 ns on register "|lab2|inst"
Warning (324009): Found clock high time violation at 310.67 ns on register "|lab2|inst2"
Warning (324009): Found clock high time violation at 310.67 ns on register "|lab2|inst1"
Warning (324009): Found clock high time violation at 310.67 ns on register "|lab2|inst"
Warning (324009): Found clock high time violation at 311.67 ns on register "|lab2|inst2"
Warning (324009): Found clock high time violation at 311.67 ns on register "|lab2|inst1"
Warning (324009): Found clock high time violation at 311.67 ns on register "|lab2|inst"
Warning (324009): Found clock high time violation at 312.67 ns on register "|lab2|inst2"
Warning (324009): Found clock high time violation at 312.67 ns on register "|lab2|inst1"
Warning (324009): Found clock high time violation at 312.67 ns on register "|lab2|inst"
Warning (324009): Found clock high time violation at 313.67 ns on register "|lab2|inst2"
Warning (324009): Found clock high time violation at 313.67 ns on register "|lab2|inst1"
Warning (324009): Found clock high time violation at 313.67 ns on register "|lab2|inst"
Warning (324009): Found clock high time violation at 314.67 ns on register "|lab2|inst2"
Warning (324009): Found clock high time violation at 314.67 ns on register "|lab2|inst1"
Warning (324009): Found clock high time violation at 314.67 ns on register "|lab2|inst"
Warning (324009): Found clock high time violation at 315.67 ns on register "|lab2|inst2"
Warning (324009): Found clock high time violation at 315.67 ns on register "|lab2|inst1"
Warning (324009): Found clock high time violation at 315.67 ns on register "|lab2|inst"
Warning (324009): Found clock high time violation at 316.67 ns on register "|lab2|inst2"
Warning (324009): Found clock high time violation at 316.67 ns on register "|lab2|inst1"
Warning (324009): Found clock high time violation at 316.67 ns on register "|lab2|inst"
Warning (324009): Found clock high time violation at 317.67 ns on register "|lab2|inst2"
Warning (324009): Found clock high time violation at 317.67 ns on register "|lab2|inst1"
Warning (324009): Found clock high time violation at 317.67 ns on register "|lab2|inst"
Warning (324009): Found clock high time violation at 318.67 ns on register "|lab2|inst2"
Warning (324009): Found clock high time violation at 318.67 ns on register "|lab2|inst1"
Warning (324009): Found clock high time violation at 318.67 ns on register "|lab2|inst"
Warning (324009): Found clock high time violation at 319.67 ns on register "|lab2|inst2"
Warning (324009): Found clock high time violation at 319.67 ns on register "|lab2|inst1"
Warning (324009): Found clock high time violation at 319.67 ns on register "|lab2|inst"
Warning (324009): Found clock high time violation at 320.67 ns on register "|lab2|inst2"
Warning (324009): Found clock high time violation at 320.67 ns on register "|lab2|inst1"
Warning (324009): Found clock high time violation at 320.67 ns on register "|lab2|inst"
Warning (324009): Found clock high time violation at 321.67 ns on register "|lab2|inst2"
Warning (324009): Found clock high time violation at 321.67 ns on register "|lab2|inst1"
Warning (324009): Found clock high time violation at 321.67 ns on register "|lab2|inst"
Warning (324009): Found clock high time violation at 322.67 ns on register "|lab2|inst2"
Warning (324009): Found clock high time violation at 322.67 ns on register "|lab2|inst1"
Warning (324009): Found clock high time violation at 322.67 ns on register "|lab2|inst"
Warning (324009): Found clock high time violation at 323.67 ns on register "|lab2|inst2"
Warning (324009): Found clock high time violation at 323.67 ns on register "|lab2|inst1"
Warning (324009): Found clock high time violation at 323.67 ns on register "|lab2|inst"
Warning (324009): Found clock high time violation at 324.67 ns on register "|lab2|inst2"
Warning (324009): Found clock high time violation at 324.67 ns on register "|lab2|inst1"
Warning (324009): Found clock high time violation at 324.67 ns on register "|lab2|inst"
Warning (324009): Found clock high time violation at 325.67 ns on register "|lab2|inst2"
Warning (324009): Found clock high time violation at 325.67 ns on register "|lab2|inst1"
Warning (324009): Found clock high time violation at 325.67 ns on register "|lab2|inst"
Warning (324009): Found clock high time violation at 326.67 ns on register "|lab2|inst2"
Warning (324009): Found clock high time violation at 326.67 ns on register "|lab2|inst1"
Warning (324009): Found clock high time violation at 326.67 ns on register "|lab2|inst"
Warning (324009): Found clock high time violation at 327.67 ns on register "|lab2|inst2"
Warning (324009): Found clock high time violation at 327.67 ns on register "|lab2|inst1"
Warning (324009): Found clock high time violation at 327.67 ns on register "|lab2|inst"
Warning (324009): Found clock high time violation at 328.67 ns on register "|lab2|inst2"
Warning (324009): Found clock high time violation at 328.67 ns on register "|lab2|inst1"
Warning (324009): Found clock high time violation at 328.67 ns on register "|lab2|inst"
Warning (324009): Found clock high time violation at 329.67 ns on register "|lab2|inst2"
Warning (324009): Found clock high time violation at 329.67 ns on register "|lab2|inst1"
Warning (324009): Found clock high time violation at 329.67 ns on register "|lab2|inst"
Warning (324009): Found clock high time violation at 330.67 ns on register "|lab2|inst2"
Warning (324009): Found clock high time violation at 330.67 ns on register "|lab2|inst1"
Warning (324009): Found clock high time violation at 330.67 ns on register "|lab2|inst"
Warning (324009): Found clock high time violation at 331.67 ns on register "|lab2|inst2"
Warning (324009): Found clock high time violation at 331.67 ns on register "|lab2|inst1"
Warning (324009): Found clock high time violation at 331.67 ns on register "|lab2|inst"
Warning (324009): Found clock high time violation at 332.67 ns on register "|lab2|inst2"
Warning (324009): Found clock high time violation at 332.67 ns on register "|lab2|inst1"
Warning (324009): Found clock high time violation at 332.67 ns on register "|lab2|inst"
Warning (324009): Found clock high time violation at 333.67 ns on register "|lab2|inst2"
Warning (324009): Found clock high time violation at 333.67 ns on register "|lab2|inst1"
Warning (324009): Found clock high time violation at 333.67 ns on register "|lab2|inst"
Warning (324009): Found clock high time violation at 334.67 ns on register "|lab2|inst2"
Warning (324009): Found clock high time violation at 334.67 ns on register "|lab2|inst1"
Warning (324009): Found clock high time violation at 334.67 ns on register "|lab2|inst"
Warning (324009): Found clock high time violation at 335.67 ns on register "|lab2|inst2"
Warning (324009): Found clock high time violation at 335.67 ns on register "|lab2|inst1"
Warning (324009): Found clock high time violation at 335.67 ns on register "|lab2|inst"
Warning (324009): Found clock high time violation at 336.67 ns on register "|lab2|inst2"
Info (324029): Detected more than 1000 clock time violations -- stopped clock time violation reporting
Info (310002): Simulation partitioned into 1 sub-simulations
Info (328053): Simulation coverage is     100.00 %
Info (328052): Number of transitions in simulation is 20590
Info (324045): Vector file lab2.sim.vwf is saved in VWF text format. You can compress it into CVWF format in order to reduce file size. For more details please refer to the Quartus II Help.
Info: Quartus II 32-bit Simulator was successful. 0 errors, 1000 warnings
    Info: Peak virtual memory: 279 megabytes
    Info: Processing ended: Tue Nov 29 11:00:47 2016
    Info: Elapsed time: 00:00:00
    Info: Total CPU time (on all processors): 00:00:01


